tree height = 8
black height = 4
tree size = 100
Level 0: |(Evelyn, 14278): 8; B|
Level 1: |(Barbara, 6014): 6; B||(Lillian, 9770): 7; R|
Level 2: |(Anna, 14477): 3; B||(Dorothy, 39087): 5; R||(Helen, 34822): 6; B||(Mary, 73985): 6; B|
Level 3: |(Alice, 11956): 2; B||(Annie, 7208): 1; B||(Betty, 17638): 3; B||(Eleanor, 8053): 4; B||(Gertrude, 5349): 3; B||(Jean, 8593): 5; B||(Lucille, 7698): 4; B||(Ruth, 25784): 5; R|
Level 4: |(Agnes, 4798): 0; B||(Alma, 3589): 1; B||(Anne, 4007): 0; B||(Audrey, 3434): 0; B||(Bernice, 6190): 2; B||(Clara, 5606): 2; B||(Edna, 8303): 2; B||(Elsie, 4878): 3; R||(Frances, 15993): 2; B||(Grace, 7230): 1; B||(Irene, 10624): 1; B||(Juanita, 4779): 4; R||(Lorraine, 4533): 2; B||(Marie, 12501): 3; R||(Norma, 5101): 4; B||(Thelma, 7839): 3; B|
Level 5: |null||null||null||(Ann, 5058): 0; R||null||null||null||null||(Beatrice, 5968): 0; B||(Bertha, 4608): 1; B||(Catherine, 8887): 1; B||(Doris, 13152): 0; B||(Edith, 7589): 0; B||(Eileen, 2863): 1; B||(Ella, 3237): 1; B||(Esther, 5925): 2; B||(Florence, 10719): 0; B||(Genevieve, 3235): 1; B||(Gladys, 8813): 0; B||(Hazel, 7341): 0; B||(Ida, 4146): 0; B||(Jane, 5187): 0; B||(Jessie, 3225): 1; B||(June, 5155): 3; B||(Lillie, 3118): 1; B||(Louise, 9180): 0; B||(Margaret, 28467): 2; B||(Marjorie, 11209): 1; B||(Mildred, 17881): 3; B||(Phyllis, 4591): 2; R||(Shirley, 5694): 2; B||(Virginia, 19033): 2; R|
Level 6: |null||null||null||null||null||(Bessie, 3677): 0; R||null||(Charlotte, 3587): 0; R||null||null||null||null||null||(Elaine, 2922): 0; R||(Elizabeth, 15800): 0; B||(Ellen, 3065): 0; B||(Emma, 5073): 0; B||(Ethel, 7603): 1; B||null||null||null||(Geraldine, 4522): 0; R||null||null||null||null||null||null||null||null||(Jennie, 2889): 0; B||(Josephine, 8133): 0; B||(Julia, 4737): 0; B||(Kathryn, 4201): 2; R||null||(Lois, 6899): 0; R||null||null||(Lucy, 3157): 1; B||(Marguerite, 2897): 1; B||(Marion, 5814): 0; B||(Martha, 9264): 0; B||(Maxine, 3630): 0; B||(Myrtle, 3791): 2; R||(Pauline, 7142): 1; B||(Rose, 9352): 1; B||(Sarah, 5023): 0; B||(Stella, 3335): 1; B||(Viola, 4160): 1; B||(Willie, 3748): 1; B|
Level 7: |null||null||null||null||null||null||null||null||null||null||null||null||null||(Eva, 4326): 0; R||null||null||null||null||null||null||null||null||(Katherine, 5156): 1; B||(Laura, 3998): 1; B||null||null||null||(Mabel, 3337): 0; R||null||(Marian, 4064): 0; R||null||null||null||null||null||null||(Minnie, 2998): 0; B||(Nancy, 3323): 1; B||(Patricia, 3381): 0; B||(Pearl, 4175): 0; B||(Rita, 5157): 0; B||(Ruby, 8333): 0; B||null||null||null||(Sylvia, 3297): 0; R||(Vera, 3631): 0; B||(Violet, 3469): 0; B||(Vivian, 4103): 0; B||(Wilma, 3822): 0; B|
Level 8: |null||null||null||(Kathleen, 3419): 0; R||null||(Leona, 3210): 0; R||null||null||null||null||null||null||null||(Nellie, 3513): 0; R||null||null||null||null||null||null||null||null||null||null||null||null||null||null||null||null||null||null|
Level 9: |null||null||null||null||null||null|
